name=m1a-seed1-d5b3b48 from=(review notes, not published) commit=d5b3b48 cmd=core_check.py --seed 1 --twice --out (review notes, not published)\core-results\m1a-d5b3b48 started=2026-09-24T12:30:39
seed 1 C1: PASS  {"coverage": 0.9495, "readings": 8200, "noise_worlds_force_certified": 0, "noise_worlds_alarms": 0}
seed 1 C6: PASS  {"sure_share": {"noise x1, eps 0.2": 0.0, "noise x1, eps 0.1": 0.0, "noise x1, eps 0.05": 0.0, "noise x2, eps 0.2": 0.0, "noise x2, eps 0.1": 0.0, "noise x2, eps 0.05": 0.0, "noise x4, eps 0.2": 0.0, "noise x4, eps 0.1": 0.0, "noise x4, eps 0.05": 0.0, "noise x8, eps 0.2": 0.0, "noise x8, eps 0.1": 0.0, "noise x8, eps 0.05": 0.0}, "sure_and_wrong": 0}
seed 1 C8: PASS  {"alarm_rate": 1.0, "eligible_worlds": 8, "sure_and_wrong": 0}
seed 1 C10: PASS  {"forged_sure_refused": true, "sure_flag_writable": false}
seed 1 C11: PASS  {"real_certificate_accepted": true, "why_if_not": [], "forgeries": 20, "forgeries_accepted": [], "learner_modules_loaded": []}
seed 1 C1: PASS  {"coverage": 0.9495, "readings": 8200, "noise_worlds_force_certified": 0, "noise_worlds_alarms": 0}
seed 1 C6: PASS  {"sure_share": {"noise x1, eps 0.2": 0.0, "noise x1, eps 0.1": 0.0, "noise x1, eps 0.05": 0.0, "noise x2, eps 0.2": 0.0, "noise x2, eps 0.1": 0.0, "noise x2, eps 0.05": 0.0, "noise x4, eps 0.2": 0.0, "noise x4, eps 0.1": 0.0, "noise x4, eps 0.05": 0.0, "noise x8, eps 0.2": 0.0, "noise x8, eps 0.1": 0.0, "noise x8, eps 0.05": 0.0}, "sure_and_wrong": 0}
Process SpawnPoolWorker-101:
Traceback (most recent call last):
  File "<python>/Lib/multiprocessing\pool.py", line 131, in worker
    put((job, i, result))
  File "<python>/Lib/multiprocessing\queues.py", line 396, in put
    self._writer.send_bytes(obj)
  File "<python>/Lib/multiprocessing\connection.py", line 200, in send_bytes
    self._send_bytes(m[offset:offset + size])
  File "<python>/Lib/multiprocessing\connection.py", line 289, in _send_bytes
    ov, err = _winapi.WriteFile(self._handle, buf, overlapped=True)
              ^^^^^^^^^^^^^^^^^^^^^^^^^^^^^^^^^^^^^^^^^^^^^^^^^^^^^
BrokenPipeError: [WinError 232] The pipe is being closed
System.Management.Automation.RemoteException
During handling of the above exception, another exception occurred:
System.Management.Automation.RemoteException
Traceback (most recent call last):
  File "<python>/Lib/multiprocessing\process.py", line 314, in _bootstrap
    self.run()
  File "<python>/Lib/multiprocessing\process.py", line 108, in run
    self._target(*self._args, **self._kwargs)
  File "<python>/Lib/multiprocessing\pool.py", line 136, in worker
    put((job, i, (False, wrapped)))
  File "<python>/Lib/multiprocessing\queues.py", line 396, in put
    self._writer.send_bytes(obj)
  File "<python>/Lib/multiprocessing\connection.py", line 200, in send_bytes
    self._send_bytes(m[offset:offset + size])
  File "<python>/Lib/multiprocessing\connection.py", line 289, in _send_bytes
    ov, err = _winapi.WriteFile(self._handle, buf, overlapped=True)
              ^^^^^^^^^^^^^^^^^^^^^^^^^^^^^^^^^^^^^^^^^^^^^^^^^^^^^
BrokenPipeError: [WinError 232] The pipe is being closed
Process SpawnPoolWorker-108:
Traceback (most recent call last):
  File "<python>/Lib/multiprocessing\pool.py", line 131, in worker
    put((job, i, result))
  File "<python>/Lib/multiprocessing\queues.py", line 396, in put
    self._writer.send_bytes(obj)
  File "<python>/Lib/multiprocessing\connection.py", line 200, in send_bytes
    self._send_bytes(m[offset:offset + size])
  File "<python>/Lib/multiprocessing\connection.py", line 289, in _send_bytes
    ov, err = _winapi.WriteFile(self._handle, buf, overlapped=True)
              ^^^^^^^^^^^^^^^^^^^^^^^^^^^^^^^^^^^^^^^^^^^^^^^^^^^^^
BrokenPipeError: [WinError 232] The pipe is being closed
System.Management.Automation.RemoteException
During handling of the above exception, another exception occurred:
System.Management.Automation.RemoteException
Traceback (most recent call last):
  File "<python>/Lib/multiprocessing\process.py", line 314, in _bootstrap
    self.run()
  File "<python>/Lib/multiprocessing\process.py", line 108, in run
    self._target(*self._args, **self._kwargs)
  File "<python>/Lib/multiprocessing\pool.py", line 136, in worker
    put((job, i, (False, wrapped)))
  File "<python>/Lib/multiprocessing\queues.py", line 396, in put
    self._writer.send_bytes(obj)
    self._send_bytes(m[offset:offset + size])
  File "<python>/Lib/multiprocessing\connection.py", line 289, in _send_bytes
    ov, err = _winapi.WriteFile(self._handle, buf, overlapped=True)
              ^^^^^^^^^^^^^^^^^^^^^^^^^^^^^^^^^^^^^^^^^^^^^^^^^^^^^
BrokenPipeError: [WinError 232] The pipe is being closed
exit=-1 minutes=35.4 finished=2026-09-24T13:06:03
