{"arm": "full", "development": {"step": 0, "mse": 0.2514010837767273, "direction": 0.46875, "route": 0.5, "score": 0.30296358377672733, "weights": "d8c7ac910063fb0b819606dcda019830d12fed6b39946c633dd772cf8aac3da8"}}
{"arm": "full", "development": {"step": 512, "mse": 0.1632094958331436, "direction": 0.90234375, "route": 0.75, "score": 0.1805923083331436, "weights": "9e60768201c4c306e0b4d1256fd7e7d6723b142e06729a456a21c7ea03b937e2"}}
{"arm": "full", "development": {"step": 1024, "mse": 0.14167713024653494, "direction": 0.92578125, "route": 0.75, "score": 0.15788806774653497, "weights": "07307bfce7bf99764ec67401f3837964c2805a9bd7166e6d08caa75da0f70f08"}}
{"arm": "full", "development": {"step": 1536, "mse": 0.15780256799189374, "direction": 0.9140625, "route": 0.75, "score": 0.17459944299189376, "weights": "4f3f9e89f02c18c7186b944eed2d70ea68d94e71b3169898dbbdc93ec368e46a"}}
{"arm": "full", "development": {"step": 2048, "mse": 0.133957389742136, "direction": 0.91796875, "route": 0.75, "score": 0.150558952242136, "weights": "369f6c3757f73ddada7557bc274f6077f8e588cf0cd266040aad3dac24eb16bf"}}
{"arm": "full", "development": {"step": 2560, "mse": 0.13582686288282275, "direction": 0.92578125, "route": 0.75, "score": 0.15203780038282277, "weights": "18df24def0e5336c525ca51979ea8417c8239a88311d98520b42213483ffd212"}}
{"arm": "full", "development": {"step": 3072, "mse": 0.14511884981766343, "direction": 0.90625, "route": 0.75, "score": 0.16230634981766345, "weights": "7acd0793f4aa51b10c244ed9eebc7c7ce09061ce8befc17171fe8605c331cfe3"}}
{"arm": "full", "development": {"step": 3584, "mse": 0.12981970980763435, "direction": 0.92578125, "route": 0.75, "score": 0.14603064730763438, "weights": "ed1658bb59a46eb0b685c8ef68c74318519f7b6b137b47daed26d36a0a7f61b3"}}
{"arm": "full", "development": {"step": 4096, "mse": 0.12020729127107188, "direction": 0.921875, "route": 0.75, "score": 0.1366135412710719, "weights": "aa3618f9851fc2081b0d3b4a943110255ea067d14cec9ff780b0a1df0fc50184"}}
{"arm": "diagonal", "development": {"step": 0, "mse": 0.2514010837767273, "direction": 0.46875, "route": 0.5, "score": 0.30296358377672733, "weights": "d8c7ac910063fb0b819606dcda019830d12fed6b39946c633dd772cf8aac3da8"}}
{"arm": "diagonal", "development": {"step": 512, "mse": 0.22780902055092156, "direction": 0.89453125, "route": 0.75, "score": 0.24558245805092158, "weights": "1a6984123ece5cb0cbfa403495ff0b1b5dca3be0affe03afa27b4391f582e873"}}
{"arm": "diagonal", "development": {"step": 1024, "mse": 0.21182583965128288, "direction": 0.91015625, "route": 0.75, "score": 0.22881802715128288, "weights": "90e4344670b56e75a38b5c9627dbc6380caa5703c02067e35585067c3e100cf4"}}
{"arm": "diagonal", "development": {"step": 1536, "mse": 0.21680485241813585, "direction": 0.90625, "route": 0.75, "score": 0.23399235241813587, "weights": "8ac357497356649b7eaecb1cd068b9a0e2b3f3857495c1aee8ecc33d98747247"}}
{"arm": "diagonal", "development": {"step": 2048, "mse": 0.21108768961858004, "direction": 0.89453125, "route": 0.75, "score": 0.22886112711858006, "weights": "58b280cf05c605c17db44374069571e4003fef69ec52746899ed5e4b837e1028"}}
{"arm": "diagonal", "development": {"step": 2560, "mse": 0.21022769657429308, "direction": 0.91796875, "route": 0.75, "score": 0.22682925907429308, "weights": "215eaa4328878cd9332ca85fb0e60cfdbdcda376d77f3cd7d27c5e6b5a789c7e"}}
{"arm": "diagonal", "development": {"step": 3072, "mse": 0.2161547151627019, "direction": 0.89453125, "route": 0.75, "score": 0.23392815266270192, "weights": "9fd37d890f7211e17a0e8def3d069d5bd16c7b1eaef5bb981682630ba11ad254"}}
{"arm": "diagonal", "development": {"step": 3584, "mse": 0.19896705693099648, "direction": 0.92578125, "route": 0.75, "score": 0.2151779944309965, "weights": "8cf1c1ccfd2ed44c69911c0e939a4c4e1e0f3a6399a2e85a106030f7fd25e9cd"}}
{"arm": "diagonal", "development": {"step": 4096, "mse": 0.19222779793199152, "direction": 0.9140625, "route": 0.75, "score": 0.20902467293199153, "weights": "f5b8d2925271ba5db24ce2ed2e61bbff36afe229cc60a0d6525f9baf4e1602fa"}}
{"reward_development": {"step": 0, "before_mse": 1.3734115814640973, "after_mse": 0.19381483672827926, "weights": "aa3618f9851fc2081b0d3b4a943110255ea067d14cec9ff780b0a1df0fc50184"}, "updates": 0}
{"reward_development": {"step": 256, "before_mse": 1.3734115814640973, "after_mse": 0.5765978667132003, "weights": "03a1594c195244a348269cadb98794dd08e911a4e9178658bf05d223255f7d95"}, "updates": 251}
{"reward_development": {"step": 512, "before_mse": 1.3734115814640973, "after_mse": 0.22905196783540305, "weights": "3a4cebe4d68e6dd365ebf153303ef01c1fe3921a7724090ceea3f30da17e272b"}, "updates": 502}
{"reward_development": {"step": 768, "before_mse": 1.3734115814640973, "after_mse": 0.18000489859514346, "weights": "4c9b61a2ad676fe857963f1887dd970f9b616042ea0596f1a6d830e2744d5ae0"}, "updates": 754}
{"reward_development": {"step": 1024, "before_mse": 1.3734115814640973, "after_mse": 0.18056217641105832, "weights": "748fef7f01257b0b3f0242f4d8ddc99f1f5f7bbc8dc0bf1100fec3a318085df5"}, "updates": 1004}
{"reward_development": {"step": 1280, "before_mse": 1.3734115814640973, "after_mse": 0.18056217641105832, "weights": "2c1246aadaf8ff00c32857e88b2ca0bd54647e3eca8aa04f7bb74d102b923661"}, "updates": 1255}
{"reward_development": {"step": 1536, "before_mse": 1.3734115814640973, "after_mse": 0.18056217641105832, "weights": "aa8b2dedfeddd698b53b7be139e23acd17601750ce13db956281bbcca3c6c764"}, "updates": 1506}
{"reward_development": {"step": 1792, "before_mse": 1.3734115814640973, "after_mse": 0.18056217641105832, "weights": "dae0f4e51be239a818560f11d6abd0978d10dcf6d1be840e5cee22020d67ce00"}, "updates": 1756}
{"reward_development": {"step": 2048, "before_mse": 1.3734115814640973, "after_mse": 0.18116805119325363, "weights": "6f78e2b42823e1a7badc6e983dfc16381b8e6ec7d3819a52ad5b853bc4eed889"}, "updates": 2007}
{
  "teaching_choice": "full",
  "checks": {
    "forward_mse": true,
    "inverse_mse": true,
    "counterfactual_mse": true,
    "plan_mse": true,
    "direction": false,
    "language_route": false,
    "immutable": true,
    "old_parameters_exact": true
  },
  "qualified": false,
  "reward_qualified": true,
  "reward_final_mse": 0.17147222024846087,
  "unchanged_final_mse": 0.1720334587146226,
  "all_eight_replays_exact": true,
  "completed_utc": "2026-09-20T06:28:07Z"
}
